20160920155858342-1920160920155858342-19;hTxIUlcWq5MPHJ_55l0eDH206y7E6GLQW-RsFwgvM2bHCHzu1aKM;GET;https://uat-lh-pcm.dev.amadeus.net:443/lh/dyn/air-lh/servicing/cockpit?WDS_WR_AREA=FRA&WDS_LIST_CD_CODE_1=ZIN812403&WDS_LIST_CD_CODE_3=ZE817977&PORTAL_SESSION=B1SxmGEPZOnz6KbNDPzapGH&WDS_LIST_CD_CODE_2=ZDL208205&LANGUAGE=DE&IP_COUNTRY=DE&WDS_WR_DCSID=dcsdtqcm800000c1lu2q97rvo_9z4m&DIRECT_RETRIEVE_LASTNAME=user&POS=DE&PORTAL=LH&SO_SITE_COUNTRY_OF_RESIDENCE=DE&SITE=LUFTLUFT&COUNTRY_SITE=DE&WDS_WR_CHANNEL=LHCOM&REC_LOC=5SJUZN&HAS_IRREG_INFO=FALSE&LIST_CD_CODE=ZIN812403&LIST_CD_CODE=ZDL208205&LIST_CD_CODE=ZE817977&DEVICE_TYPE=DESKTOP&DIRECT_RETRIEVE=TRUE&SO_SITE_LH_FRONTEND_URL=uat4.lufthansa.com&SECURE=TRUE
20160920155858342-1920160920155858342-19;hTxIUlcWq5MPHJ_55l0eDH206y7E6GLQW-RsFwgvM2bHCHzu1aKM;GET;https://uat-lh-pcm.dev.amadeus.net:443/lh/dyn/air-lh/servicing/cockpit?WDS_LIST_CD_CODE_1=ZIN812403&PORTAL_SESSION=B1SxmGEPZOnz6KbNDPzapGH&WDS_LIST_CD_CODE_3=ZE817977&WDS_LIST_CD_CODE_2=ZDL208205&IP_COUNTRY=DE&WDS_WR_DCSID=dcsdtqcm800000c1lu2q97rvo_9z4m&PORTAL=LH&SO_SITE_COUNTRY_OF_RESIDENCE=DE&COUNTRY_SITE=DE&SITE=LUFTLUFT&ACTION=MODIFY&DIRECT_RETRIEVE=TRUE&SECURE=TRUE&WDS_WR_AREA=FRA&LANGUAGE=DE&DIRECT_RETRIEVE_LASTNAME=user&POS=DE&WDS_WR_CHANNEL=LHCOM&REC_LOC=5SJUZN&HAS_IRREG_INFO=FALSE&LIST_CD_CODE=ZIN812403&LIST_CD_CODE=ZDL208205&LIST_CD_CODE=ZE817977&DEVICE_TYPE=DESKTOP&SO_SITE_LH_FRONTEND_URL=uat4.lufthansa.com
20160920155858342-1920160920155858342-19;hTxIUlcWq5MPHJ_55l0eDH206y7E6GLQW-RsFwgvM2bHCHzu1aKM;GET;https://uat-lh-pcm.dev.amadeus.net:443/lh/dyn/air-lh/servicing/cockpit?WDS_LIST_CD_CODE_1=ZIN812403&PORTAL_SESSION=B1SxmGEPZOnz6KbNDPzapGH&WDS_LIST_CD_CODE_3=ZE817977&WDS_LIST_CD_CODE_2=ZDL208205&IP_COUNTRY=DE&WDS_WR_DCSID=dcsdtqcm800000c1lu2q97rvo_9z4m&PORTAL=LH&SO_SITE_COUNTRY_OF_RESIDENCE=DE&COUNTRY_SITE=DE&SITE=LUFTLUFT&DIRECT_RETRIEVE=TRUE&SECURE=TRUE&WDS_WR_AREA=FRA&LANGUAGE=DE&DIRECT_RETRIEVE_LASTNAME=user&POS=DE&CURRENCY_FROM=DKK&WDS_WR_CHANNEL=LHCOM&REC_LOC=5SJUZN&HAS_IRREG_INFO=FALSE&CURRENCY_TO=EUR&LIST_CD_CODE=ZIN812403&LIST_CD_CODE=ZDL208205&LIST_CD_CODE=ZE817977&DEVICE_TYPE=DESKTOP&SO_SITE_LH_FRONTEND_URL=uat4.lufthansa.com
