20160922120316065-920160922120316065-9;jRhRxton6x3WAmSHOjGNwfkUdUn4QlnG41_dHrvjemI9eGPdQ4dx;POST;https://uat-lh-pcm.dev.amadeus.net:443/lh/dyn/air-lh/tpi/handle?SITE=LUFTLUFT&COUNTRY_SITE=DE&LANGUAGE=GB&PAGE_TICKET=1&XML=true&DEVICE_TYPE=MOBILE&TPI_ACTION=servicing/editBookingOptions&ENCT=1&SERVICE_ID=1&WDS_ADMIN=on
20160922120316065-920160922120316065-9;jRhRxton6x3WAmSHOjGNwfkUdUn4QlnG41_dHrvjemI9eGPdQ4dx;POST;https://uat-lh-pcm.dev.amadeus.net:443/lh/dyn/air-lh/tpi/handle?SITE=LUFTLUFT&COUNTRY_SITE=DE&XML_SCHEMA_REF=ancillary_services_catalog_v2&LANGUAGE=GB&CATALOG_STORAGE_MODE=PERSISTANT&PAGE_TICKET=1&XML=true&DEVICE_TYPE=MOBILE&TPI_ACTION=servicing/editBookingOptions&ENCT=1&SERVICE_ID=1&WDS_ADMIN=on
20160922120316065-920160922120316065-9;jRhRxton6x3WAmSHOjGNwfkUdUn4QlnG41_dHrvjemI9eGPdQ4dx;POST;https://uat-lh-pcm.dev.amadeus.net:443/lh/dyn/air-lh/tpi/handle?SITE=LUFTLUFT&COUNTRY_SITE=DE&OUTPUT_FORMAT=json&XML_SCHEMA_REF=upgrade/UpgradeCatalogueInput_v2&UPGRADE_MODE=EMD&LANGUAGE=GB&SEGMENT_LIST=&CURRENCY_LIST=&OPTION_LIST=RETURN_UNELIGIBLE_SEGMENTS&PAGE_TICKET=1&XML=true&DEVICE_TYPE=MOBILE&TPI_ACTION=servicing/editBookingOptions&ENCT=1&SERVICE_ID=1&WDS_ADMIN=on
20160922120316065-920160922120316065-9;jRhRxton6x3WAmSHOjGNwfkUdUn4QlnG41_dHrvjemI9eGPdQ4dx;POST;https://uat-lh-pcm.dev.amadeus.net:443/lh/dyn/air-lh/tpi/handle?LANGUAGE=GB&B_DATE=201609300900&SERVICE_ID=1&ENCT=1&TPI_ACTION=servicing/editBookingOptions&WDS_ADMIN=on&USER_CURRENCY=EUR&COUNTRY_SITE=DE&SITE=LUFTLUFT&DISPLAY_TYPE=K&CAR_RATES_OPTION=full&E_LOCATION=VIE&E_DATE=201610101730&LIST_CD_CODE=ZE783925&LIST_CD_CODE=ZIC318888&LIST_CD_CODE=ZDL208200&LIST_COMPANY=ZE&LIST_COMPANY=ZI&LIST_COMPANY=ZD&B_LOCATION=VIE&CAR_POWERED=TRUE&DEVICE_TYPE=MOBILE&XML=true&PAGE_TICKET=1&B_CITY_AREA_CODE=T
20160922120325472-1620160922120325472-16;jRhRxton6x3WAmSHOjGNwfkUdUn4QlnG41_dHrvjemI9eGPdQ4dx;POST;https://uat-lh-pcm.dev.amadeus.net:443/lh/dyn/air-lh/tpi/handle?LANGUAGE=GB&SERVICE_ID=1&ENCT=1&TPI_ACTION=servicing/confirmBooking&REGISTER_START_OVER=FALSE&WDS_ADMIN=on&COUNTRY_SITE=DE&SITE=LUFTLUFT&ADD_TRIPPLAN_IN_OUTPUT=TRUE&REC_LOC=5SO73T&DEVICE_TYPE=MOBILE&XML=true&PAGE_TICKET=1&ACTION=BOOK
